MPLINK 5.09, LINKER
Linker Map File - Created Wed Oct 29 22:15:06 2025

                                 Section Info
                  Section       Type    Address   Location Size(Bytes)
                ---------  ---------  ---------  ---------  ---------
                   .org_0       code   0x000000    program   0x000152
                   .cinit    romdata   0x000152    program   0x000002
                    dbgP0       code   0x007dc0    program   0x000240
.config_300001_BUILD/DEFAULT/DEBUG/HARD.O    romdata   0x300001    program   0x000001
.config_300003_BUILD/DEFAULT/DEBUG/HARD.O    romdata   0x300003    program   0x000001
.config_300006_BUILD/DEFAULT/DEBUG/HARD.O    romdata   0x300006    program   0x000001
                    dbgD0      udata   0x0005f4       data   0x00000c



                              Program Memory Usage 
                               Start         End      
                           ---------   ---------      
                            0x000000    0x000153      
                            0x007dc0    0x007fff      
                            0x300001    0x300001      
                            0x300003    0x300003      
                            0x300006    0x300006      
            919 out of 33048 program addresses used, program memory utilization is 2%



                              Symbols - Sorted by Name
                     Name    Address   Location    Storage File                     
                ---------  ---------  ---------  --------- ---------                
                  _1LOOP1   0x00001e    program     static C:\mycode\MicroComputer\lab6.X\hard.asm
                  _1LOOP2   0x00001a    program     static C:\mycode\MicroComputer\lab6.X\hard.asm
           button_release   0x000054    program     static C:\mycode\MicroComputer\lab6.X\hard.asm
             change_state   0x000056    program     static C:\mycode\MicroComputer\lab6.X\hard.asm
            check_release   0x00003e    program     static C:\mycode\MicroComputer\lab6.X\hard.asm
                     loop   0x000016    program     static C:\mycode\MicroComputer\lab6.X\hard.asm
                    setup   0x000000    program     static C:\mycode\MicroComputer\lab6.X\hard.asm
                  state_0   0x00006c    program     static C:\mycode\MicroComputer\lab6.X\hard.asm
                  state_1   0x000072    program     static C:\mycode\MicroComputer\lab6.X\hard.asm
                state_1_0   0x000082    program     static C:\mycode\MicroComputer\lab6.X\hard.asm
                state_1_1   0x00008a    program     static C:\mycode\MicroComputer\lab6.X\hard.asm
                state_1_2   0x000098    program     static C:\mycode\MicroComputer\lab6.X\hard.asm
                state_1_3   0x0000a6    program     static C:\mycode\MicroComputer\lab6.X\hard.asm
                  state_2   0x0000ba    program     static C:\mycode\MicroComputer\lab6.X\hard.asm
                state_2_0   0x0000da    program     static C:\mycode\MicroComputer\lab6.X\hard.asm
                state_2_1   0x0000e2    program     static C:\mycode\MicroComputer\lab6.X\hard.asm
                state_2_2   0x0000f2    program     static C:\mycode\MicroComputer\lab6.X\hard.asm
                state_2_3   0x000102    program     static C:\mycode\MicroComputer\lab6.X\hard.asm
                state_2_4   0x000110    program     static C:\mycode\MicroComputer\lab6.X\hard.asm
                state_2_5   0x000120    program     static C:\mycode\MicroComputer\lab6.X\hard.asm
                state_2_6   0x00012e    program     static C:\mycode\MicroComputer\lab6.X\hard.asm
                state_2_7   0x00013e    program     static C:\mycode\MicroComputer\lab6.X\hard.asm
              state_cycle   0x000044    program     static C:\mycode\MicroComputer\lab6.X\hard.asm



                              Symbols - Sorted by Address
                     Name    Address   Location    Storage File                     
                ---------  ---------  ---------  --------- ---------                
                    setup   0x000000    program     static C:\mycode\MicroComputer\lab6.X\hard.asm
                     loop   0x000016    program     static C:\mycode\MicroComputer\lab6.X\hard.asm
                  _1LOOP2   0x00001a    program     static C:\mycode\MicroComputer\lab6.X\hard.asm
                  _1LOOP1   0x00001e    program     static C:\mycode\MicroComputer\lab6.X\hard.asm
            check_release   0x00003e    program     static C:\mycode\MicroComputer\lab6.X\hard.asm
              state_cycle   0x000044    program     static C:\mycode\MicroComputer\lab6.X\hard.asm
           button_release   0x000054    program     static C:\mycode\MicroComputer\lab6.X\hard.asm
             change_state   0x000056    program     static C:\mycode\MicroComputer\lab6.X\hard.asm
                  state_0   0x00006c    program     static C:\mycode\MicroComputer\lab6.X\hard.asm
                  state_1   0x000072    program     static C:\mycode\MicroComputer\lab6.X\hard.asm
                state_1_0   0x000082    program     static C:\mycode\MicroComputer\lab6.X\hard.asm
                state_1_1   0x00008a    program     static C:\mycode\MicroComputer\lab6.X\hard.asm
                state_1_2   0x000098    program     static C:\mycode\MicroComputer\lab6.X\hard.asm
                state_1_3   0x0000a6    program     static C:\mycode\MicroComputer\lab6.X\hard.asm
                  state_2   0x0000ba    program     static C:\mycode\MicroComputer\lab6.X\hard.asm
                state_2_0   0x0000da    program     static C:\mycode\MicroComputer\lab6.X\hard.asm
                state_2_1   0x0000e2    program     static C:\mycode\MicroComputer\lab6.X\hard.asm
                state_2_2   0x0000f2    program     static C:\mycode\MicroComputer\lab6.X\hard.asm
                state_2_3   0x000102    program     static C:\mycode\MicroComputer\lab6.X\hard.asm
                state_2_4   0x000110    program     static C:\mycode\MicroComputer\lab6.X\hard.asm
                state_2_5   0x000120    program     static C:\mycode\MicroComputer\lab6.X\hard.asm
                state_2_6   0x00012e    program     static C:\mycode\MicroComputer\lab6.X\hard.asm
                state_2_7   0x00013e    program     static C:\mycode\MicroComputer\lab6.X\hard.asm


