Microchip MPLAB XC8 Compiler V3.00

Linker command line:

-W-3 \
  --edf=C:\Program Files\Microchip\xc8\v3.00\pic\dat\20241204225717_en.msgs \
  -cn -h+dist/default/production\finalProject.X.production.sym \
  --cmf=dist/default/production\finalProject.X.production.cmf -z -Q18F4520 \
  -oC:\Users\PC10\AppData\Local\Temp\xcAs1204.\driver_tmp_3.o \
  --defsym=__MPLAB_BUILD=1 --fixupoverflow=error \
  -Mdist/default/production/finalProject.X.production.map \
  --md=C:\Users\PC10\AppData\Local\Temp\xcAs1204.\driver_tmp_0.dat -E1 \
  -ver=XC8 Compiler -ACODE=00h-07FFFh -ACONST=00h-07FFFh \
  -ASMALLCONST=0600h-06FFhx122 -AMEDIUMCONST=0600h-07FFFh -ACOMRAM=01h-07Fh \
  -AABS1=00h-05FFh -ABIGRAM=01h-05FFh -ARAM=080h-0FFh,0100h-01FFhx5 \
  -ABANK0=080h-0FFh -ABANK1=0100h-01FFh -ABANK2=0200h-02FFh \
  -ABANK3=0300h-03FFh -ABANK4=0400h-04FFh -ABANK5=0500h-05FFh \
  -ASFR=0F80h-0FFFh -ABIGSFR=0F80h-0FFFh -ACONFIG=0300000h-030000Dh \
  -AIDLOC=0200000h-0200007h -AEEDATA=0F00000h-0F000FFh -peeprom_data=EEDATA \
  -preset_vec=00h,intcode=8h,intcodelo=18h,sivt_lo,sivt_hi=CODE \
  -ppowerup=CODE,init -pramtop=0600h -psmallconst=SMALLCONST \
  -pmediumconst=MEDIUMCONST -pconst=CONST -AFARRAM=00h-00h \
  -prdata=COMRAM,nvrram=COMRAM,nvbit=COMRAM,rbss=COMRAM,rbit=COMRAM \
  -pfarbss=FARRAM,fardata=FARRAM,nvFARRAM=FARRAM \
  -pintsave_regs=BIGRAM,bigbss=BIGRAM,bigdata=BIGRAM -pbss=RAM \
  -pidata=CODE,irdata=CODE,ibigdata=CODE,ifardata=CODE -prparam=COMRAM \
  C:\Users\PC10\AppData\Local\Temp\xcAs1204.\driver_tmp_9.o \
  dist/default/production\finalProject.X.production.o \
  build/default/production/output_grb.o 

Object code version is 3.11

Machine type is 18F4520



                Name                               Link     Load   Length Selector   Space Scale
C:\Users\PC10\AppData\Local\Temp\xcAs1204.\driver_tmp_9.o
                idloc                            200000   200000        8        0       5
                config                           300000   300000        E        0       4
                init                               7FFC     7FFC        4     3FFE       0
                reset_vec                             0        0        4        0       0
dist/default/production\finalProject.X.production.o
                idloc                            200000   200000        8        0       5
                config                           300000   300000        E        0       4
                smallconst                          600      600        2      300       0
                text2                               602      602       AE      301       0
                text1                               79A      79A       40      301       0
                text0                               6B0      6B0       96      301       0
                cstackCOMRAM                          1        1        C        1       1
                bssBANK1                            100      100       C0      100       1
                cinit                               7DA      7DA       12      301       0
build/default/production/output_grb.o
                text0                               746      746       54      301       0
                udata_acs                             D        D        8        1       1

TOTAL           Name                               Link     Load   Length     Space
        CLASS   CODE           
                init                               7FFC     7FFC        4         0
                reset_vec                             0        0        4         0
                text2                               602      602       AE         0
                text1                               79A      79A       40         0
                text0                               6B0      6B0       96         0
                cinit                               7DA      7DA       12         0
                text0                               746      746       54         0

        CLASS   CONST          

        CLASS   SMALLCONST     
                smallconst                          600      600        2         0

        CLASS   MEDIUMCONST    

        CLASS   COMRAM         
                cstackCOMRAM                          1        1        C         1
                udata_acs                             D        D        8         1

        CLASS   ABS1           

        CLASS   BIGRAM         

        CLASS   RAM            

        CLASS   BANK0          

        CLASS   BANK1          
                bssBANK1                            100      100       C0         1

        CLASS   BANK2          

        CLASS   BANK3          

        CLASS   BANK4          

        CLASS   BANK5          

        CLASS   SFR            

        CLASS   BIGSFR         

        CLASS   CONFIG         
                config                           300000   300000        E         4

        CLASS   IDLOC          
                idloc                            200000   200000        8         5

        CLASS   EEDATA         

        CLASS   FARRAM         

        CLASS   HEAP           

        CLASS   STACK          



SEGMENTS        Name                           Load    Length   Top    Selector   Space  Class

                reset_vec                      000000  000004  000004         0       0  CODE    
                cstackCOMRAM                   000001  000014  000015         1       1  COMRAM  
                bssBANK1                       000100  0000C0  0001C0       100       1  BANK1   
                smallconst                     000600  000002  000602       300       0  SMALLCON
                text2                          000602  0001EA  0007EC       301       0  CODE    
                init                           007FFC  000004  008000      3FFE       0  CODE    


UNUSED ADDRESS RANGES

        Name                Unused          Largest block    Delta
        BANK0            000080-0000FF               80
        BANK1            0001C0-0001FF               40
        BANK2            000200-0002FF              100
        BANK3            000300-0003FF              100
        BANK4            000400-0004FF              100
        BANK5            000500-0005FF              100
        BIGRAM           000015-0000FF               EB
                         0001C0-0005FF              440
        BIGSFR           000F80-000FFF               80
        CODE             000004-0005FF              5FC
                         0007EC-007FFB             7810
        COMRAM           000015-00007F               6B
        CONST            000004-0005FF              5FC
                         0007EC-007FFB             7810
        EEDATA           F00000-F000FF              100
        MEDIUMCONST      0007EC-007FFB             7810
        RAM              000080-0000FF               80
                         0001C0-0005FF              100
        SFR              000F80-000FFF               80
        SMALLCONST       0007EC-007FFB              100

                                  Symbol Table

?___awmod                cstackCOMRAM 000001
BIT_CNT                  udata_acs    000010
BSH                      udata_acs    00000E
BSR_TEMP                 udata_acs    000013
BSS                      udata_acs    00000D
COUNT                    udata_acs    00000F
DELAY_CT                 udata_acs    000014
STATUS_TEMP              udata_acs    000012
W_TEMP                   udata_acs    000011
_LATBbits                (abs)        000F8A
_TRISBbits               (abs)        000F93
__HRAM                   (abs)        000000
__H__absolute__          __absolute__ 000000
__Habs1                  abs1         000000
__Hbank0                 bank0        000000
__Hbank1                 bank1        000000
__Hbank2                 bank2        000000
__Hbank3                 bank3        000000
__Hbank4                 bank4        000000
__Hbank5                 bank5        000000
__Hbigbss                bigbss       000000
__Hbigdata               bigdata      000000
__Hbigram                bigram       000000
__Hbigsfr                bigsfr       000000
__Hbss                   bss          000000
__HbssBANK1              bssBANK1     000000
__Hcinit                 cinit        000000
__Hclrtext               clrtext      000000
__Hcode                  code         000000
__Hcomram                comram       000000
__Hconfig                config       30000E
__Hconst                 const        000000
__HcstackCOMRAM          cstackCOMRAM 000000
__Hdata                  data         000000
__Hedata                 edata        000000
__Heeprom_data           eeprom_data  000000
__Hfarbss                farbss       000000
__Hfardata               fardata      000000
__Hheap                  heap         000000
__Hibigdata              ibigdata     000000
__Hidata                 idata        000000
__Hidloc                 idloc        200008
__Hifardata              ifardata     000000
__Hinit                  init         008000
__Hintcode               intcode      000008
__Hintcode_body          intcode_body 000000
__Hintcodelo             intcodelo    000018
__Hintentry              intentry     000000
__Hintret                intret       000000
__Hintsave_regs          intsave_regs 000000
__Hirdata                irdata       000000
__Hmediumconst           mediumconst  000000
__HnvFARRAM              nvFARRAM     000000
__Hnvbit                 nvbit        000000
__Hnvrram                nvrram       000000
__Hparam                 rparam       000000
__Hpowerup               powerup      000000
__Hram                   ram          000000
__Hramtop                ramtop       000600
__Hrbit                  rbit         000000
__Hrbss                  rbss         000000
__Hrdata                 rdata        000000
__Hreset_vec             reset_vec    000004
__Hrparam                rparam       000000
__Hsfr                   sfr          000000
__Hsivt_hi               sivt_hi      000000
__Hsivt_lo               sivt_lo      000018
__Hsmallconst            smallconst   000602
__Hspace_0               (abs)        008000
__Hspace_1               (abs)        0001C0
__Hspace_2               (abs)        000000
__Hspace_3               (abs)        000000
__Hspace_4               (abs)        60000E
__Hstack                 stack        000000
__Hstruct                struct       000000
__Htemp                  temp         000000
__Htext                  text         000000
__Htext0                 text0        000000
__Htext1                 text1        000000
__Htext2                 text2        000000
__Hudata                 udata        000000
__Hudata_acs             udata_acs    000000
__Hudata_bank0           udata_bank0  000000
__Hudata_bank1           udata_bank1  000000
__Hudata_bank2           udata_bank2  000000
__Hudata_bank3           udata_bank3  000000
__Hudata_bank4           udata_bank4  000000
__Hudata_bank5           udata_bank5  000000
__LRAM                   (abs)        000001
__L__absolute__          __absolute__ 000000
__Labs1                  abs1         000000
__Lbank0                 bank0        000000
__Lbank1                 bank1        000000
__Lbank2                 bank2        000000
__Lbank3                 bank3        000000
__Lbank4                 bank4        000000
__Lbank5                 bank5        000000
__Lbigbss                bigbss       000000
__Lbigdata               bigdata      000000
__Lbigram                bigram       000000
__Lbigsfr                bigsfr       000000
__Lbss                   bss          000000
__LbssBANK1              bssBANK1     000000
__Lcinit                 cinit        000000
__Lclrtext               clrtext      000000
__Lcode                  code         000000
__Lcomram                comram       000000
__Lconfig                config       000000
__Lconst                 const        000000
__LcstackCOMRAM          cstackCOMRAM 000000
__Ldata                  data         000000
__Ledata                 edata        000000
__Leeprom_data           eeprom_data  000000
__Lfarbss                farbss       000000
__Lfardata               fardata      000000
__Lheap                  heap         000000
__Libigdata              ibigdata     000000
__Lidata                 idata        000000
__Lidloc                 idloc        000000
__Lifardata              ifardata     000000
__Linit                  init         007FFC
__Lintcode               intcode      000008
__Lintcode_body          intcode_body 000000
__Lintcodelo             intcodelo    000018
__Lintentry              intentry     000000
__Lintret                intret       000000
__Lintsave_regs          intsave_regs 000000
__Lirdata                irdata       000000
__Lmediumconst           mediumconst  000000
__LnvFARRAM              nvFARRAM     000000
__Lnvbit                 nvbit        000000
__Lnvrram                nvrram       000000
__Lparam                 rparam       000000
__Lpowerup               powerup      000000
__Lram                   ram          000000
__Lramtop                ramtop       000600
__Lrbit                  rbit         000000
__Lrbss                  rbss         000000
__Lrdata                 rdata        000000
__Lreset_vec             reset_vec    000000
__Lrparam                rparam       000000
__Lsfr                   sfr          000000
__Lsivt_hi               sivt_hi      000000
__Lsivt_lo               sivt_lo      000018
__Lsmallconst            smallconst   000600
__Lspace_0               (abs)        000000
__Lspace_1               (abs)        000000
__Lspace_2               (abs)        000000
__Lspace_3               (abs)        000000
__Lspace_4               (abs)        000000
__Lstack                 stack        000000
__Lstruct                struct       000000
__Ltemp                  temp         000000
__Ltext                  text         000000
__Ltext0                 text0        000000
__Ltext1                 text1        000000
__Ltext2                 text2        000000
__Ludata                 udata        000000
__Ludata_acs             udata_acs    000000
__Ludata_bank0           udata_bank0  000000
__Ludata_bank1           udata_bank1  000000
__Ludata_bank2           udata_bank2  000000
__Ludata_bank3           udata_bank3  000000
__Ludata_bank4           udata_bank4  000000
__Ludata_bank5           udata_bank5  000000
__S0                     (abs)        008000
__S1                     (abs)        0001C0
__S3                     (abs)        000000
__S4                     (abs)        000000
__S5                     (abs)        000000
___awmod                 text2        000602
___awmod@counter         cstackCOMRAM 000005
___awmod@dividend        cstackCOMRAM 000001
___awmod@divisor         cstackCOMRAM 000003
___awmod@sign            cstackCOMRAM 000006
___heap_hi               (abs)        000000
___heap_lo               (abs)        000000
___inthi_sp              stack        000000
___inthi_stack_hi        stack        000000
___inthi_stack_lo        stack        000000
___intlo_sp              stack        000000
___intlo_stack_hi        stack        000000
___intlo_stack_lo        stack        000000
___param_bank            (abs)        000000
___rparam_used           (abs)        000001
___sp                    stack        000000
___stack_hi              stack        000000
___stack_lo              stack        000000
__accesstop              (abs)        000080
__activetblptr           (abs)        000000
__end_of___awmod         text2        0006B0
__end_of__initialization cinit        0007E6
__end_of_main            text0        000746
__end_of_set_first_led   text1        0007DA
__initialization         cinit        0007DA
__mediumconst            smallconst   000600
__pbssBANK1              bssBANK1     000100
__pcinit                 cinit        0007DA
__pcstackCOMRAM          cstackCOMRAM 000001
__psmallconst            smallconst   000600
__ptext0                 text0        0006B0
__ptext1                 text1        00079A
__ptext2                 text2        000602
__ramtop                 ramtop       000600
__smallconst             smallconst   000600
_buf                     bssBANK1     000100
_main                    text0        0006B0
_output_grb              text0        000746
_output_grb$0            cstackCOMRAM 000001
_output_grb$1            cstackCOMRAM 000003
_set_first_led           text1        00079A
end_of_initialization    cinit        0007E6
intlevel0                text         000000
intlevel1                text         000000
intlevel2                text         000000
intlevel3                text         000000
isa$std                  (abs)        000001
isa$xinst                (abs)        000000
main@b                   cstackCOMRAM 00000B
main@color_index         cstackCOMRAM 00000C
main@g                   cstackCOMRAM 00000A
main@r                   cstackCOMRAM 000009
set_first_led@b          cstackCOMRAM 000002
set_first_led@g          cstackCOMRAM 000001
set_first_led@i          cstackCOMRAM 000004
set_first_led@r          cstackCOMRAM 000003
stackhi                  (abs)        000000
stacklo                  (abs)        000000
start                    init         007FFC
start_initialization     cinit        0007DA


MODULE INFORMATION

Module		Function		Class		Link	Load	Size
C:\Program Files\Microchip\xc8\v3.00\pic\sources\c99\common\awmod.c
		___awmod       		CODE           	0602	0000	174

C:\Program Files\Microchip\xc8\v3.00\pic\sources\c99\common\awmod.c estimated size: 174

shared
		__initialization		CODE           	07DA	0000	12

shared estimated size: 12

main.c
		_main          		CODE           	06B0	0000	150
		_set_first_led 		CODE           	079A	0000	64

main.c estimated size: 214

