MPLINK 5.09, LINKER
Linker Map File - Created Thu Oct 09 05:15:53 2025

                                 Section Info
                  Section       Type    Address   Location Size(Bytes)
                ---------  ---------  ---------  ---------  ---------
                   .org_0       code   0x000000    program   0x0000a0
                   .cinit    romdata   0x0000a0    program   0x000002
.config_300001_BUILD/DEFAULT/DEBUG/HARD.O    romdata   0x300001    program   0x000001
.config_300003_BUILD/DEFAULT/DEBUG/HARD.O    romdata   0x300003    program   0x000001



                              Program Memory Usage 
                               Start         End      
                           ---------   ---------      
                            0x000000    0x0000a1      
                            0x300001    0x300001      
                            0x300003    0x300003      
            164 out of 33048 program addresses used, program memory utilization is 0%



                              Symbols - Sorted by Name
                     Name    Address   Location    Storage File                     
                ---------  ---------  ---------  --------- ---------                
                 division   0x000004    program     static C:\mycode\MicroComputer\lab4.X\hard.asm
            division_loop   0x000010    program     static C:\mycode\MicroComputer\lab4.X\hard.asm
              do_subtract   0x000028    program     static C:\mycode\MicroComputer\lab4.X\hard.asm
                     main   0x00008e    program     static C:\mycode\MicroComputer\lab4.X\hard.asm
               newtonSqrt   0x000042    program     static C:\mycode\MicroComputer\lab4.X\hard.asm
          newton_continue   0x000078    program     static C:\mycode\MicroComputer\lab4.X\hard.asm
              newton_done   0x000084    program     static C:\mycode\MicroComputer\lab4.X\hard.asm
                 next_bit   0x000032    program     static C:\mycode\MicroComputer\lab4.X\hard.asm



                              Symbols - Sorted by Address
                     Name    Address   Location    Storage File                     
                ---------  ---------  ---------  --------- ---------                
                 division   0x000004    program     static C:\mycode\MicroComputer\lab4.X\hard.asm
            division_loop   0x000010    program     static C:\mycode\MicroComputer\lab4.X\hard.asm
              do_subtract   0x000028    program     static C:\mycode\MicroComputer\lab4.X\hard.asm
                 next_bit   0x000032    program     static C:\mycode\MicroComputer\lab4.X\hard.asm
               newtonSqrt   0x000042    program     static C:\mycode\MicroComputer\lab4.X\hard.asm
          newton_continue   0x000078    program     static C:\mycode\MicroComputer\lab4.X\hard.asm
              newton_done   0x000084    program     static C:\mycode\MicroComputer\lab4.X\hard.asm
                     main   0x00008e    program     static C:\mycode\MicroComputer\lab4.X\hard.asm


