MPLINK 5.09, LINKER
Linker Map File - Created Sun Nov 09 06:23:48 2025

                                 Section Info
                  Section       Type    Address   Location Size(Bytes)
                ---------  ---------  ---------  ---------  ---------
                   .org_0       code   0x000000    program   0x000004
                   .cinit    romdata   0x000004    program   0x000002
                   .org_1       code   0x000008    program   0x000002
                   .org_2       code   0x000018    program   0x0001ea
                    dbgP0       code   0x007dc0    program   0x000240
.config_300001_BUILD/DEFAULT/DEBUG/TEST.O    romdata   0x300001    program   0x000001
.config_300003_BUILD/DEFAULT/DEBUG/TEST.O    romdata   0x300003    program   0x000001
.config_300005_BUILD/DEFAULT/DEBUG/TEST.O    romdata   0x300005    program   0x000001
.config_300006_BUILD/DEFAULT/DEBUG/TEST.O    romdata   0x300006    program   0x000001
                    dbgD0      udata   0x0005f4       data   0x00000c



                              Program Memory Usage 
                               Start         End      
                           ---------   ---------      
                            0x000000    0x000005      
                            0x000008    0x000009      
                            0x000018    0x000201      
                            0x007dc0    0x007fff      
                            0x300001    0x300001      
                            0x300003    0x300003      
                            0x300005    0x300006      
            1078 out of 33048 program addresses used, program memory utilization is 3%



                              Symbols - Sorted by Name
                     Name    Address   Location    Storage File                     
                ---------  ---------  ---------  --------- ---------                
                 Bit_Is_0   0x00007a    program     static C:\mycode\MicroComputer\finalProject.X\test.asm
                 Bit_Is_1   0x000080    program     static C:\mycode\MicroComputer\finalProject.X\test.asm
                  CB_Loop   0x000048    program     static C:\mycode\MicroComputer\finalProject.X\test.asm
             Clear_Buffer   0x000040    program     static C:\mycode\MicroComputer\finalProject.X\test.asm
                  D_Inner   0x00014a    program     static C:\mycode\MicroComputer\finalProject.X\test.asm
                 D_Middle   0x000146    program     static C:\mycode\MicroComputer\finalProject.X\test.asm
                  D_Outer   0x000142    program     static C:\mycode\MicroComputer\finalProject.X\test.asm
          Decode_Bit_Loop   0x000074    program     static C:\mycode\MicroComputer\finalProject.X\test.asm
             Decode_Digit   0x000052    program     static C:\mycode\MicroComputer\finalProject.X\test.asm
          Decode_Row_Loop   0x00006a    program     static C:\mycode\MicroComputer\finalProject.X\test.asm
                 Delay_1s   0x00013e    program     static C:\mycode\MicroComputer\finalProject.X\test.asm
           Digit_Patterns   0x000162    program     static C:\mycode\MicroComputer\finalProject.X\test.asm
                     Main   0x00001a    program     static C:\mycode\MicroComputer\finalProject.X\test.asm
                 MainLoop   0x00001e    program     static C:\mycode\MicroComputer\finalProject.X\test.asm
                NextDigit   0x000020    program     static C:\mycode\MicroComputer\finalProject.X\test.asm
                 Next_Bit   0x000084    program     static C:\mycode\MicroComputer\finalProject.X\test.asm
                  SB_Loop   0x00009e    program     static C:\mycode\MicroComputer\finalProject.X\test.asm
                  SB_Next   0x0000be    program     static C:\mycode\MicroComputer\finalProject.X\test.asm
               SByte_Loop   0x0000e4    program     static C:\mycode\MicroComputer\finalProject.X\test.asm
               SByte_Next   0x000120    program     static C:\mycode\MicroComputer\finalProject.X\test.asm
                   Send_0   0x000108    program     static C:\mycode\MicroComputer\finalProject.X\test.asm
                   Send_1   0x0000ee    program     static C:\mycode\MicroComputer\finalProject.X\test.asm
               Send_Black   0x0000b4    program     static C:\mycode\MicroComputer\finalProject.X\test.asm
              Send_Buffer   0x000096    program     static C:\mycode\MicroComputer\finalProject.X\test.asm
                Send_Byte   0x0000de    program     static C:\mycode\MicroComputer\finalProject.X\test.asm
           Send_LED_Color   0x0000ca    program     static C:\mycode\MicroComputer\finalProject.X\test.asm
                 Send_Red   0x0000a4    program     static C:\mycode\MicroComputer\finalProject.X\test.asm
                  WR_Loop   0x000132    program     static C:\mycode\MicroComputer\finalProject.X\test.asm
             WS2812_Reset   0x00012c    program     static C:\mycode\MicroComputer\finalProject.X\test.asm



                              Symbols - Sorted by Address
                     Name    Address   Location    Storage File                     
                ---------  ---------  ---------  --------- ---------                
                     Main   0x00001a    program     static C:\mycode\MicroComputer\finalProject.X\test.asm
                 MainLoop   0x00001e    program     static C:\mycode\MicroComputer\finalProject.X\test.asm
                NextDigit   0x000020    program     static C:\mycode\MicroComputer\finalProject.X\test.asm
             Clear_Buffer   0x000040    program     static C:\mycode\MicroComputer\finalProject.X\test.asm
                  CB_Loop   0x000048    program     static C:\mycode\MicroComputer\finalProject.X\test.asm
             Decode_Digit   0x000052    program     static C:\mycode\MicroComputer\finalProject.X\test.asm
          Decode_Row_Loop   0x00006a    program     static C:\mycode\MicroComputer\finalProject.X\test.asm
          Decode_Bit_Loop   0x000074    program     static C:\mycode\MicroComputer\finalProject.X\test.asm
                 Bit_Is_0   0x00007a    program     static C:\mycode\MicroComputer\finalProject.X\test.asm
                 Bit_Is_1   0x000080    program     static C:\mycode\MicroComputer\finalProject.X\test.asm
                 Next_Bit   0x000084    program     static C:\mycode\MicroComputer\finalProject.X\test.asm
              Send_Buffer   0x000096    program     static C:\mycode\MicroComputer\finalProject.X\test.asm
                  SB_Loop   0x00009e    program     static C:\mycode\MicroComputer\finalProject.X\test.asm
                 Send_Red   0x0000a4    program     static C:\mycode\MicroComputer\finalProject.X\test.asm
               Send_Black   0x0000b4    program     static C:\mycode\MicroComputer\finalProject.X\test.asm
                  SB_Next   0x0000be    program     static C:\mycode\MicroComputer\finalProject.X\test.asm
           Send_LED_Color   0x0000ca    program     static C:\mycode\MicroComputer\finalProject.X\test.asm
                Send_Byte   0x0000de    program     static C:\mycode\MicroComputer\finalProject.X\test.asm
               SByte_Loop   0x0000e4    program     static C:\mycode\MicroComputer\finalProject.X\test.asm
                   Send_1   0x0000ee    program     static C:\mycode\MicroComputer\finalProject.X\test.asm
                   Send_0   0x000108    program     static C:\mycode\MicroComputer\finalProject.X\test.asm
               SByte_Next   0x000120    program     static C:\mycode\MicroComputer\finalProject.X\test.asm
             WS2812_Reset   0x00012c    program     static C:\mycode\MicroComputer\finalProject.X\test.asm
                  WR_Loop   0x000132    program     static C:\mycode\MicroComputer\finalProject.X\test.asm
                 Delay_1s   0x00013e    program     static C:\mycode\MicroComputer\finalProject.X\test.asm
                  D_Outer   0x000142    program     static C:\mycode\MicroComputer\finalProject.X\test.asm
                 D_Middle   0x000146    program     static C:\mycode\MicroComputer\finalProject.X\test.asm
                  D_Inner   0x00014a    program     static C:\mycode\MicroComputer\finalProject.X\test.asm
           Digit_Patterns   0x000162    program     static C:\mycode\MicroComputer\finalProject.X\test.asm


