Microchip MPLAB XC8 Compiler V3.00

Linker command line:

-W-3 \
  --edf=C:\Program Files\Microchip\xc8\v3.00\pic\dat\20241204225717_en.msgs \
  -cn -h+dist/default/debug\lab8.X.debug.sym \
  --cmf=dist/default/debug\lab8.X.debug.cmf -z -Q18F4520 \
  -oC:\Users\PC10\AppData\Local\Temp\xcAso6k.\driver_tmp_3.o \
  --defsym=__MPLAB_BUILD=1 --fixupoverflow=error \
  -Mdist/default/debug/lab8.X.debug.map \
  --md=C:\Users\PC10\AppData\Local\Temp\xcAso6k.\driver_tmp_0.dat -E1 \
  -ver=XC8 Compiler -ACODE=00h-07DBFh -ACONST=00h-07DBFh \
  -ASMALLCONST=0600h-06FFhx119,07D00h-07DBFh -AMEDIUMCONST=0600h-07DBFh \
  -ACOMRAM=01h-07Fh -AABS1=00h-05F3h -ABIGRAM=01h-05F3h \
  -ARAM=080h-0FFh,0100h-01FFhx4,0500h-05F3h -ABANK0=080h-0FFh \
  -ABANK1=0100h-01FFh -ABANK2=0200h-02FFh -ABANK3=0300h-03FFh \
  -ABANK4=0400h-04FFh -ABANK5=0500h-05F3h \
  -ASFR=0F80h-0F9Bh,0F9Dh-0FD3h,0FD5h-0FDAh,0FE0h-0FE2h,0FE8h-0FEAh,0FF0h-0FFCh \
  -ABIGSFR=0F80h-0F9Bh,0F9Dh-0FD3h,0FD5h-0FDAh,0FE0h-0FE2h,0FE8h-0FEAh,0FF0h-0FFCh \
  -ACONFIG=0300000h-030000Dh -AIDLOC=0200000h-0200007h \
  -AEEDATA=0F00000h-0F000FFh -peeprom_data=EEDATA \
  -preset_vec=00h,intcode=8h,intcodelo=18h,sivt_lo,sivt_hi=CODE \
  -ppowerup=CODE,init -pramtop=0600h -psmallconst=SMALLCONST \
  -pmediumconst=MEDIUMCONST -pconst=CONST -AFARRAM=00h-00h \
  -prdata=COMRAM,nvrram=COMRAM,nvbit=COMRAM,rbss=COMRAM,rbit=COMRAM \
  -pfarbss=FARRAM,fardata=FARRAM,nvFARRAM=FARRAM \
  -pintsave_regs=BIGRAM,bigbss=BIGRAM,bigdata=BIGRAM -pbss=RAM \
  -pidata=CODE,irdata=CODE,ibigdata=CODE,ifardata=CODE -prparam=COMRAM \
  C:\Users\PC10\AppData\Local\Temp\xcAso6k.\driver_tmp_9.o \
  dist/default/debug\lab8.X.debug.o 

Object code version is 3.11

Machine type is 18F4520



                Name                               Link     Load   Length Selector   Space Scale
C:\Users\PC10\AppData\Local\Temp\xcAso6k.\driver_tmp_9.o
                idloc                            200000   200000        8        0       5
                config                           300000   300000        E        0       4
                init                                  E        E        4        4       0
                reset_vec                             0        0        4        0       0
dist/default/debug\lab8.X.debug.o
                intcode                               8        8        6        4       0
                idloc                            200000   200000        8        0       5
                config                           300000   300000        E        0       4
                temp                                 3C       3C        1        1       1
                smallconst                          600      600        2      300       0
                text11                              6C4      6C4       AE      301       0
                text10                              AC0      AC0       34      301       0
                text9                               B22      B22       2E      301       0
                text8                               816      816       A4      301       0
                text7                               A08      A08       6A      301       0
                text6                               92C      92C       72      301       0
                intcode_body                        602      602       C2      301       0
                text4                               AF4      AF4       2E      301       0
                text3                               772      772       A4      301       0
                text2                               99E      99E       6A      301       0
                text1                               8BA      8BA       72      301       0
                text0                               A72      A72       4E      301       0
                cstackCOMRAM                          1        1       38        1       1
                bssCOMRAM                            39       39        3        1       1
                cinit                               B50      B50       10      301       0

TOTAL           Name                               Link     Load   Length     Space
        CLASS   CODE           
                intcode                               8        8        6         0
                init                                  E        E        4         0
                reset_vec                             0        0        4         0
                text11                              6C4      6C4       AE         0
                text10                              AC0      AC0       34         0
                text9                               B22      B22       2E         0
                text8                               816      816       A4         0
                text7                               A08      A08       6A         0
                text6                               92C      92C       72         0
                intcode_body                        602      602       C2         0
                text4                               AF4      AF4       2E         0
                text3                               772      772       A4         0
                text2                               99E      99E       6A         0
                text1                               8BA      8BA       72         0
                text0                               A72      A72       4E         0
                cinit                               B50      B50       10         0

        CLASS   CONST          

        CLASS   SMALLCONST     
                smallconst                          600      600        2         0

        CLASS   MEDIUMCONST    

        CLASS   COMRAM         
                temp                                 3C       3C        1         1
                cstackCOMRAM                          1        1       38         1
                bssCOMRAM                            39       39        3         1

        CLASS   ABS1           

        CLASS   BIGRAM         

        CLASS   RAM            

        CLASS   BANK0          

        CLASS   BANK1          

        CLASS   BANK2          

        CLASS   BANK3          

        CLASS   BANK4          

        CLASS   BANK5          

        CLASS   SFR            

        CLASS   BIGSFR         

        CLASS   CONFIG         
                config                           300000   300000        E         4

        CLASS   IDLOC          
                idloc                            200000   200000        8         5

        CLASS   EEDATA         

        CLASS   FARRAM         

        CLASS   HEAP           

        CLASS   STACK          



SEGMENTS        Name                           Load    Length   Top    Selector   Space  Class

                reset_vec                      000000  000004  000004         0       0  CODE    
                cstackCOMRAM                   000001  00003C  00003D         1       1  COMRAM  
                intcode                        000008  00000A  000012         4       0  CODE    
                smallconst                     000600  000002  000602       300       0  SMALLCON
                intcode_body                   000602  00055E  000B60       301       0  CODE    


UNUSED ADDRESS RANGES

        Name                Unused          Largest block    Delta
        BANK0            000080-0000FF               80
        BANK1            000100-0001FF              100
        BANK2            000200-0002FF              100
        BANK3            000300-0003FF              100
        BANK4            000400-0004FF              100
        BANK5            000500-0005F3               F4
        BIGRAM           00003D-0005F3              5B7
        BIGSFR           000F80-000F9B               1C
                         000F9D-000FD3               37
                         000FD5-000FDA                6
                         000FE0-000FE2                3
                         000FE8-000FEA                3
                         000FF0-000FFC                D
        CODE             000004-000007                4
                         000012-0005FF              5EE
                         000B60-007DBF             7260
        COMRAM           00003D-00007F               43
        CONST            000004-000007                4
                         000012-0005FF              5EE
                         000B60-007DBF             7260
        EEDATA           F00000-F000FF              100
        MEDIUMCONST      000B60-007DBF             7260
        RAM              000080-0005F3              100
        SFR              000F80-000F9B               1C
                         000F9D-000FD3               37
                         000FD5-000FDA                6
                         000FE0-000FE2                3
                         000FE8-000FEA                3
                         000FF0-000FFC                D
        SMALLCONST       000B60-007DBF              100

                                  Symbol Table

?___awmod                   cstackCOMRAM 000001
?___lldiv                   cstackCOMRAM 000029
?___lmul                    cstackCOMRAM 00001D
?_abs                       cstackCOMRAM 000007
?i2___lldiv                 cstackCOMRAM 00000D
?i2___lmul                  cstackCOMRAM 000001
Set_PWM_Duty@dutyValue      cstackCOMRAM 00001D
_CCP1CONbits                (abs)        000FBD
_CCPR1L                     (abs)        000FBE
_Hi_ISR                     intcode      000008
_INTCON2bits                (abs)        000FF1
_INTCONbits                 (abs)        000FF2
_LATC                       (abs)        000F8B
_OSCCONbits                 (abs)        000FD3
_PIE1bits                   (abs)        000F9D
_PIR1bits                   (abs)        000F9E
_PORTBbits                  (abs)        000F81
_PR2                        (abs)        000FCB
_Set_PWM_Duty               text4        000AF4
_T1CONbits                  (abs)        000FCD
_T2CONbits                  (abs)        000FCA
_TMR1H                      (abs)        000FCF
_TMR1L                      (abs)        000FCE
_TRISBbits                  (abs)        000F93
_TRISC                      (abs)        000F94
__HRAM                      (abs)        000000
__H__absolute__             __absolute__ 000000
__Habs1                     abs1         000000
__Hbank0                    bank0        000000
__Hbank1                    bank1        000000
__Hbank2                    bank2        000000
__Hbank3                    bank3        000000
__Hbank4                    bank4        000000
__Hbank5                    bank5        000000
__Hbigbss                   bigbss       000000
__Hbigdata                  bigdata      000000
__Hbigram                   bigram       000000
__Hbigsfr                   bigsfr       000000
__Hbss                      bss          000000
__HbssCOMRAM                bssCOMRAM    000000
__Hcinit                    cinit        000000
__Hclrtext                  clrtext      000000
__Hcomram                   comram       000000
__Hconfig                   config       30000E
__Hconst                    const        000000
__HcstackCOMRAM             cstackCOMRAM 000000
__Hdata                     data         000000
__Heeprom_data              eeprom_data  000000
__Hfarbss                   farbss       000000
__Hfardata                  fardata      000000
__Hheap                     heap         000000
__Hibigdata                 ibigdata     000000
__Hidata                    idata        000000
__Hidloc                    idloc        200008
__Hifardata                 ifardata     000000
__Hinit                     init         000012
__Hintcode                  intcode      00000E
__Hintcode_body             intcode_body 000000
__Hintcodelo                intcodelo    000018
__Hintentry                 intentry     000000
__Hintret                   intret       000000
__Hintsave_regs             intsave_regs 000000
__Hirdata                   irdata       000000
__Hmediumconst              mediumconst  000000
__HnvFARRAM                 nvFARRAM     000000
__Hnvbit                    nvbit        000000
__Hnvrram                   nvrram       000000
__Hparam                    rparam       000000
__Hpowerup                  powerup      000000
__Hram                      ram          000000
__Hramtop                   ramtop       000600
__Hrbit                     rbit         000000
__Hrbss                     rbss         000000
__Hrdata                    rdata        000000
__Hreset_vec                reset_vec    000004
__Hrparam                   rparam       000000
__Hsfr                      sfr          000000
__Hsivt_hi                  sivt_hi      000000
__Hsivt_lo                  sivt_lo      000018
__Hsmallconst               smallconst   000602
__Hspace_0                  (abs)        000B60
__Hspace_1                  (abs)        00003D
__Hspace_2                  (abs)        000000
__Hspace_4                  (abs)        60000E
__Hstack                    stack        000000
__Hstruct                   struct       000000
__Htemp                     temp         00003D
__Htext                     text         000000
__Htext0                    text0        000000
__Htext1                    text1        000000
__Htext10                   text10       000000
__Htext11                   text11       000000
__Htext2                    text2        000000
__Htext3                    text3        000000
__Htext4                    text4        000000
__Htext6                    text6        000000
__Htext7                    text7        000000
__Htext8                    text8        000000
__Htext9                    text9        000000
__LRAM                      (abs)        000001
__L__absolute__             __absolute__ 000000
__Labs1                     abs1         000000
__Lbank0                    bank0        000000
__Lbank1                    bank1        000000
__Lbank2                    bank2        000000
__Lbank3                    bank3        000000
__Lbank4                    bank4        000000
__Lbank5                    bank5        000000
__Lbigbss                   bigbss       000000
__Lbigdata                  bigdata      000000
__Lbigram                   bigram       000000
__Lbigsfr                   bigsfr       000000
__Lbss                      bss          000000
__LbssCOMRAM                bssCOMRAM    000000
__Lcinit                    cinit        000000
__Lclrtext                  clrtext      000000
__Lcomram                   comram       000000
__Lconfig                   config       000000
__Lconst                    const        000000
__LcstackCOMRAM             cstackCOMRAM 000000
__Ldata                     data         000000
__Leeprom_data              eeprom_data  000000
__Lfarbss                   farbss       000000
__Lfardata                  fardata      000000
__Lheap                     heap         000000
__Libigdata                 ibigdata     000000
__Lidata                    idata        000000
__Lidloc                    idloc        000000
__Lifardata                 ifardata     000000
__Linit                     init         00000E
__Lintcode                  intcode      000008
__Lintcode_body             intcode_body 000000
__Lintcodelo                intcodelo    000018
__Lintentry                 intentry     000000
__Lintret                   intret       000000
__Lintsave_regs             intsave_regs 000000
__Lirdata                   irdata       000000
__Lmediumconst              mediumconst  000000
__LnvFARRAM                 nvFARRAM     000000
__Lnvbit                    nvbit        000000
__Lnvrram                   nvrram       000000
__Lparam                    rparam       000000
__Lpowerup                  powerup      000000
__Lram                      ram          000000
__Lramtop                   ramtop       000600
__Lrbit                     rbit         000000
__Lrbss                     rbss         000000
__Lrdata                    rdata        000000
__Lreset_vec                reset_vec    000000
__Lrparam                   rparam       000000
__Lsfr                      sfr          000000
__Lsivt_hi                  sivt_hi      000000
__Lsivt_lo                  sivt_lo      000018
__Lsmallconst               smallconst   000600
__Lspace_0                  (abs)        000000
__Lspace_1                  (abs)        000000
__Lspace_2                  (abs)        000000
__Lspace_4                  (abs)        000000
__Lstack                    stack        000000
__Lstruct                   struct       000000
__Ltemp                     temp         00003C
__Ltext                     text         000000
__Ltext0                    text0        000000
__Ltext1                    text1        000000
__Ltext10                   text10       000000
__Ltext11                   text11       000000
__Ltext2                    text2        000000
__Ltext3                    text3        000000
__Ltext4                    text4        000000
__Ltext6                    text6        000000
__Ltext7                    text7        000000
__Ltext8                    text8        000000
__Ltext9                    text9        000000
__S0                        (abs)        000B60
__S1                        (abs)        00003D
__S4                        (abs)        000000
__S5                        (abs)        000000
___awmod                    text11       0006C4
___awmod@counter            cstackCOMRAM 000005
___awmod@dividend           cstackCOMRAM 000001
___awmod@divisor            cstackCOMRAM 000003
___awmod@sign               cstackCOMRAM 000006
___heap_hi                  (abs)        000000
___heap_lo                  (abs)        000000
___inthi_sp                 stack        000000
___inthi_stack_hi           stack        000000
___inthi_stack_lo           stack        000000
___intlo_sp                 stack        000000
___intlo_stack_hi           stack        000000
___intlo_stack_lo           stack        000000
___lldiv                    text3        000772
___lldiv@counter            cstackCOMRAM 000035
___lldiv@dividend           cstackCOMRAM 000029
___lldiv@divisor            cstackCOMRAM 00002D
___lldiv@quotient           cstackCOMRAM 000031
___lmul                     text2        00099E
___lmul@multiplicand        cstackCOMRAM 000021
___lmul@multiplier          cstackCOMRAM 00001D
___lmul@product             cstackCOMRAM 000025
___param_bank               (abs)        000000
___rparam_used              (abs)        000001
___sp                       stack        000000
___stack_hi                 stack        000000
___stack_lo                 stack        000000
__accesstop                 (abs)        000080
__activetblptr              (abs)        000000
__end_of_Hi_ISR             intcode_body 0006C4
__end_of_Set_PWM_Duty       text4        000B22
__end_of___awmod            text11       000772
__end_of___lldiv            text3        000816
__end_of___lmul             text2        000A08
__end_of__initialization    cinit        000B56
__end_of_abs                text10       000AF4
__end_of_main               text0        000AC0
__end_of_set_servo_angle    text1        00092C
__end_ofi2_Set_PWM_Duty     text9        000B50
__end_ofi2___lldiv          text8        0008BA
__end_ofi2___lmul           text7        000A72
__end_ofi2_set_servo_angle  text6        00099E
__initialization            cinit        000B50
__mediumconst               smallconst   000600
__pbssCOMRAM                bssCOMRAM    000039
__pcinit                    cinit        000B50
__pcstackCOMRAM             cstackCOMRAM 000001
__pintcode                  intcode      000008
__pintcode_body             intcode_body 000602
__psmallconst               smallconst   000600
__ptext0                    text0        000A72
__ptext1                    text1        0008BA
__ptext10                   text10       000AC0
__ptext11                   text11       0006C4
__ptext2                    text2        00099E
__ptext3                    text3        000772
__ptext4                    text4        000AF4
__ptext6                    text6        00092C
__ptext7                    text7        000A08
__ptext8                    text8        000816
__ptext9                    text9        000B22
__ramtop                    ramtop       000600
__smallconst                smallconst   000600
_abs                        text10       000AC0
_main                       text0        000A72
_set_servo_angle            text1        0008BA
_state                      bssCOMRAM    00003B
_t                          bssCOMRAM    000039
abs@a                       cstackCOMRAM 000007
btemp                       temp         00003C
end_of_initialization       cinit        000B56
i2Set_PWM_Duty@dutyValue    cstackCOMRAM 000001
i2_Set_PWM_Duty             text9        000B22
i2___lldiv                  text8        000816
i2___lldiv@counter          cstackCOMRAM 000019
i2___lldiv@dividend         cstackCOMRAM 00000D
i2___lldiv@divisor          cstackCOMRAM 000011
i2___lldiv@quotient         cstackCOMRAM 000015
i2___lmul                   text7        000A08
i2___lmul@multiplicand      cstackCOMRAM 000005
i2___lmul@multiplier        cstackCOMRAM 000001
i2___lmul@product           cstackCOMRAM 000009
i2_set_servo_angle          text6        00092C
i2set_servo_angle@angle     cstackCOMRAM 00001C
i2set_servo_angle@dutyValue cstackCOMRAM 00001A
int$flags                   temp         00003C
int_func                    intcode_body 000602
intlevel0                   text         000000
intlevel1                   text         000000
intlevel2                   text         000000
intlevel3                   text         000000
isa$std                     (abs)        000001
isa$xinst                   (abs)        000000
set_servo_angle@angle       cstackCOMRAM 000038
set_servo_angle@dutyValue   cstackCOMRAM 000036
stackhi                     (abs)        000000
stacklo                     (abs)        000000
start                       init         00000E
start_initialization        cinit        000B50
ttemp5                      temp         00003D
ttemp6                      temp         000040
ttemp7                      temp         000044
wtemp8                      temp         00003D


MODULE INFORMATION

Module		Function		Class		Link	Load	Size
C:\Program Files\Microchip\xc8\v3.00\pic\sources\c99\common\abs.c
		_abs           		CODE           	0AC0	0000	52

C:\Program Files\Microchip\xc8\v3.00\pic\sources\c99\common\abs.c estimated size: 52

hard.c
		_Set_PWM_Duty  		CODE           	0AF4	0000	46
		_set_servo_angle		CODE           	08BA	0000	114
		_main          		CODE           	0A72	0000	78
		_Hi_ISR        		CODE           	0008	0000	200

hard.c estimated size: 438

C:\Program Files\Microchip\xc8\v3.00\pic\sources\c99\common\awmod.c
		___awmod       		CODE           	06C4	0000	174

C:\Program Files\Microchip\xc8\v3.00\pic\sources\c99\common\awmod.c estimated size: 174

C:\Program Files\Microchip\xc8\v3.00\pic\sources\c99\common\Umul32.c
		___lmul        		CODE           	099E	0000	106

C:\Program Files\Microchip\xc8\v3.00\pic\sources\c99\common\Umul32.c estimated size: 106

C:\Program Files\Microchip\xc8\v3.00\pic\sources\c99\common\__lldiv.c
		___lldiv       		CODE           	0772	0000	164

C:\Program Files\Microchip\xc8\v3.00\pic\sources\c99\common\__lldiv.c estimated size: 164

shared
		i2_set_servo_angle		CODE           	092C	0000	114
		i2___lldiv     		CODE           	0816	0000	164
		__initialization		CODE           	0B50	0000	6
		i2___lmul      		CODE           	0A08	0000	106
		i2_Set_PWM_Duty		CODE           	0B22	0000	46

shared estimated size: 436

