MPLINK 5.09, LINKER
Linker Map File - Created Thu Oct 09 03:00:42 2025

                                 Section Info
                  Section       Type    Address   Location Size(Bytes)
                ---------  ---------  ---------  ---------  ---------
                   .org_0       code   0x000000    program   0x000036
                   .cinit    romdata   0x000036    program   0x000002
.config_300001_BUILD/DEFAULT/DEBUG/HARD.O    romdata   0x300001    program   0x000001
.config_300003_BUILD/DEFAULT/DEBUG/HARD.O    romdata   0x300003    program   0x000001



                              Program Memory Usage 
                               Start         End      
                           ---------   ---------      
                            0x000000    0x000037      
                            0x300001    0x300001      
                            0x300003    0x300003      
            58 out of 33048 program addresses used, program memory utilization is 0%



                              Symbols - Sorted by Name
                     Name    Address   Location    Storage File                     
                ---------  ---------  ---------  --------- ---------                
                      add   0x00001c    program     static C:\mycode\MicroComputer\lab3.X\hard.asm
                     loop   0x00000e    program     static C:\mycode\MicroComputer\lab3.X\hard.asm
                     main   0x00000a    program     static C:\mycode\MicroComputer\lab3.X\hard.asm
                    setup   0x000000    program     static C:\mycode\MicroComputer\lab3.X\hard.asm
                     skip   0x000022    program     static C:\mycode\MicroComputer\lab3.X\hard.asm



                              Symbols - Sorted by Address
                     Name    Address   Location    Storage File                     
                ---------  ---------  ---------  --------- ---------                
                    setup   0x000000    program     static C:\mycode\MicroComputer\lab3.X\hard.asm
                     main   0x00000a    program     static C:\mycode\MicroComputer\lab3.X\hard.asm
                     loop   0x00000e    program     static C:\mycode\MicroComputer\lab3.X\hard.asm
                      add   0x00001c    program     static C:\mycode\MicroComputer\lab3.X\hard.asm
                     skip   0x000022    program     static C:\mycode\MicroComputer\lab3.X\hard.asm


