MPLINK 5.09, LINKER
Linker Map File - Created Thu Nov 06 07:21:00 2025

                                 Section Info
                  Section       Type    Address   Location Size(Bytes)
                ---------  ---------  ---------  ---------  ---------
                   .org_0       code   0x000000    program   0x000004
                   .cinit    romdata   0x000004    program   0x000002
                   .org_1       code   0x000008    program   0x00007e
                    dbgP0       code   0x007dc0    program   0x000240
.config_300001_BUILD/DEFAULT/DEBUG/HARD.O    romdata   0x300001    program   0x000001
.config_300002_BUILD/DEFAULT/DEBUG/HARD.O    romdata   0x300002    program   0x000001
.config_300003_BUILD/DEFAULT/DEBUG/HARD.O    romdata   0x300003    program   0x000001
.config_300005_BUILD/DEFAULT/DEBUG/HARD.O    romdata   0x300005    program   0x000001
.config_300006_BUILD/DEFAULT/DEBUG/HARD.O    romdata   0x300006    program   0x000001
.config_300008_BUILD/DEFAULT/DEBUG/HARD.O    romdata   0x300008    program   0x000001
.config_300009_BUILD/DEFAULT/DEBUG/HARD.O    romdata   0x300009    program   0x000001
.config_30000A_BUILD/DEFAULT/DEBUG/HARD.O    romdata   0x30000a    program   0x000001
.config_30000B_BUILD/DEFAULT/DEBUG/HARD.O    romdata   0x30000b    program   0x000001
.config_30000C_BUILD/DEFAULT/DEBUG/HARD.O    romdata   0x30000c    program   0x000001
.config_30000D_BUILD/DEFAULT/DEBUG/HARD.O    romdata   0x30000d    program   0x000001
                    dbgD0      udata   0x0005f4       data   0x00000c



                              Program Memory Usage 
                               Start         End      
                           ---------   ---------      
                            0x000000    0x000005      
                            0x000008    0x000085      
                            0x007dc0    0x007fff      
                            0x300001    0x300003      
                            0x300005    0x300006      
                            0x300008    0x30000d      
            719 out of 33048 program addresses used, program memory utilization is 2%



                              Symbols - Sorted by Name
                     Name    Address   Location    Storage File                     
                ---------  ---------  ---------  --------- ---------                
                 INT0_ISR   0x000016    program     static C:\mycode\MicroComputer\lab7.X\hard.asm
                 ISR_HIGH   0x000004    program     static C:\mycode\MicroComputer\lab7.X\hard.asm
                  Initial   0x00005c    program     static C:\mycode\MicroComputer\lab7.X\hard.asm
                 TMR2_ISR   0x00003a    program     static C:\mycode\MicroComputer\lab7.X\hard.asm
                     main   0x000084    program     static C:\mycode\MicroComputer\lab7.X\hard.asm
               set_state1   0x000024    program     static C:\mycode\MicroComputer\lab7.X\hard.asm
               set_state2   0x00002e    program     static C:\mycode\MicroComputer\lab7.X\hard.asm
            update_state1   0x000044    program     static C:\mycode\MicroComputer\lab7.X\hard.asm
            update_state2   0x000050    program     static C:\mycode\MicroComputer\lab7.X\hard.asm



                              Symbols - Sorted by Address
                     Name    Address   Location    Storage File                     
                ---------  ---------  ---------  --------- ---------                
                 ISR_HIGH   0x000004    program     static C:\mycode\MicroComputer\lab7.X\hard.asm
                 INT0_ISR   0x000016    program     static C:\mycode\MicroComputer\lab7.X\hard.asm
               set_state1   0x000024    program     static C:\mycode\MicroComputer\lab7.X\hard.asm
               set_state2   0x00002e    program     static C:\mycode\MicroComputer\lab7.X\hard.asm
                 TMR2_ISR   0x00003a    program     static C:\mycode\MicroComputer\lab7.X\hard.asm
            update_state1   0x000044    program     static C:\mycode\MicroComputer\lab7.X\hard.asm
            update_state2   0x000050    program     static C:\mycode\MicroComputer\lab7.X\hard.asm
                  Initial   0x00005c    program     static C:\mycode\MicroComputer\lab7.X\hard.asm
                     main   0x000084    program     static C:\mycode\MicroComputer\lab7.X\hard.asm


