Microchip MPLAB XC8 Compiler V3.00

Linker command line:

-W-3 \
  --edf=C:\Program Files\Microchip\xc8\v3.00\pic\dat\20241204225717_en.msgs \
  -cn -h+dist/default/debug\lab10.X.debug.sym \
  --cmf=dist/default/debug\lab10.X.debug.cmf -z -Q18F4520 \
  -oC:\Users\PC10\AppData\Local\Temp\xcAs1470.\driver_tmp_3.o \
  --defsym=__MPLAB_BUILD=1 --fixupoverflow=error \
  -Mdist/default/debug/lab10.X.debug.map \
  --md=C:\Users\PC10\AppData\Local\Temp\xcAs1470.\driver_tmp_0.dat -E1 \
  -ver=XC8 Compiler -ACODE=00h-07DBFh -ACONST=00h-07DBFh \
  -ASMALLCONST=0600h-06FFhx119,07D00h-07DBFh -AMEDIUMCONST=0600h-07DBFh \
  -ACOMRAM=01h-07Fh -AABS1=00h-05F3h -ABIGRAM=01h-05F3h \
  -ARAM=080h-0FFh,0100h-01FFhx4,0500h-05F3h -ABANK0=080h-0FFh \
  -ABANK1=0100h-01FFh -ABANK2=0200h-02FFh -ABANK3=0300h-03FFh \
  -ABANK4=0400h-04FFh -ABANK5=0500h-05F3h \
  -ASFR=0F80h-0F9Bh,0F9Dh-0FD3h,0FD5h-0FDAh,0FE0h-0FE2h,0FE8h-0FEAh,0FF0h-0FFCh \
  -ABIGSFR=0F80h-0F9Bh,0F9Dh-0FD3h,0FD5h-0FDAh,0FE0h-0FE2h,0FE8h-0FEAh,0FF0h-0FFCh \
  -ACONFIG=0300000h-030000Dh -AIDLOC=0200000h-0200007h \
  -AEEDATA=0F00000h-0F000FFh -peeprom_data=EEDATA \
  -preset_vec=00h,intcode=8h,intcodelo=18h,sivt_lo,sivt_hi=CODE \
  -ppowerup=CODE,init -pramtop=0600h -psmallconst=SMALLCONST \
  -pmediumconst=MEDIUMCONST -pconst=CONST -AFARRAM=00h-00h \
  -prdata=COMRAM,nvrram=COMRAM,nvbit=COMRAM,rbss=COMRAM,rbit=COMRAM \
  -pfarbss=FARRAM,fardata=FARRAM,nvFARRAM=FARRAM \
  -pintsave_regs=BIGRAM,bigbss=BIGRAM,bigdata=BIGRAM -pbss=RAM \
  -pidata=CODE,irdata=CODE,ibigdata=CODE,ifardata=CODE -prparam=COMRAM \
  C:\Users\PC10\AppData\Local\Temp\xcAs1470.\driver_tmp_14.o \
  dist/default/debug\lab10.X.debug.o 

Object code version is 3.11

Machine type is 18F4520



                Name                               Link     Load   Length Selector   Space Scale
C:\Users\PC10\AppData\Local\Temp\xcAs1470.\driver_tmp_14.o
                idloc                            200000   200000        8        0       5
                config                           300000   300000        E        0       4
                init                                 6C       6C        4        C       0
                reset_vec                             0        0        4        0       0
dist/default/debug\lab10.X.debug.o
                intcodelo                            18       18       54        C       0
                intcode                               8        8        6        4       0
                idloc                            200000   200000        8        0       5
                config                           300000   300000        E        0       4
                temp                                 66       66        1        1       1
                smallconst                          600      600        8      300       0
                text22                              97A      97A       C2      304       0
                text21                              A3C      A3C       AE      304       0
                text20                              D4C      D4C       34      304       0
                text19                              E80      E80        2      304       0
                text18                              AEA      AEA       AA      304       0
                text17                              7C2      7C2      1B8      304       0
                text16                              CDA      CDA       3E      304       0
                text15                              D18      D18       34      304       0
                text14                              E3C      E3C       16      304       0
                text13                              C18      C18       7E      304       0
                intcode_body                        608      608      1BA      304       0
                text11                              E0E      E0E       18      304       0
                text10                              C96      C96       44      304       0
                text8                               E52      E52       12      304       0
                text7                               E64      E64        C      304       0
                text6                               E78      E78        8      304       0
                text5                               E70      E70        8      304       0
                text4                               DD4      DD4       22      304       0
                text3                               E26      E26       16      304       0
                text2                               DF6      DF6       18      304       0
                text1                               B94      B94       84      304       0
                text0                               D80      D80       2E      304       0
                cstackCOMRAM                          1        1       48        1       1
                cstackBANK0                          A0       A0        E       80       1
                bssBANK0                             80       80       20       80       1
                bssCOMRAM                            49       49       1D        1       1
                cinit                               DAE      DAE       26      304       0

TOTAL           Name                               Link     Load   Length     Space
        CLASS   CODE           
                intcodelo                            18       18       54         0
                intcode                               8        8        6         0
                init                                 6C       6C        4         0
                reset_vec                             0        0        4         0
                text22                              97A      97A       C2         0
                text21                              A3C      A3C       AE         0
                text20                              D4C      D4C       34         0
                text19                              E80      E80        2         0
                text18                              AEA      AEA       AA         0
                text17                              7C2      7C2      1B8         0
                text16                              CDA      CDA       3E         0
                text15                              D18      D18       34         0
                text14                              E3C      E3C       16         0
                text13                              C18      C18       7E         0
                intcode_body                        608      608      1BA         0
                text11                              E0E      E0E       18         0
                text10                              C96      C96       44         0
                text8                               E52      E52       12         0
                text7                               E64      E64        C         0
                text6                               E78      E78        8         0
                text5                               E70      E70        8         0
                text4                               DD4      DD4       22         0
                text3                               E26      E26       16         0
                text2                               DF6      DF6       18         0
                text1                               B94      B94       84         0
                text0                               D80      D80       2E         0
                cinit                               DAE      DAE       26         0

        CLASS   CONST          

        CLASS   SMALLCONST     
                smallconst                          600      600        8         0

        CLASS   MEDIUMCONST    

        CLASS   COMRAM         
                temp                                 66       66        1         1
                cstackCOMRAM                          1        1       48         1
                bssCOMRAM                            49       49       1D         1

        CLASS   ABS1           

        CLASS   BIGRAM         

        CLASS   RAM            

        CLASS   BANK0          
                cstackBANK0                          A0       A0        E         1
                bssBANK0                             80       80       20         1

        CLASS   BANK1          

        CLASS   BANK2          

        CLASS   BANK3          

        CLASS   BANK4          

        CLASS   BANK5          

        CLASS   SFR            

        CLASS   BIGSFR         

        CLASS   CONFIG         
                config                           300000   300000        E         4

        CLASS   IDLOC          
                idloc                            200000   200000        8         5

        CLASS   EEDATA         

        CLASS   FARRAM         

        CLASS   HEAP           

        CLASS   STACK          



SEGMENTS        Name                           Load    Length   Top    Selector   Space  Class

                reset_vec                      000000  000004  000004         0       0  CODE    
                cstackCOMRAM                   000001  000066  000067         1       1  COMRAM  
                intcode                        000008  000006  00000E         4       0  CODE    
                intcodelo                      000018  000058  000070         C       0  CODE    
                bssBANK0                       000080  00002E  0000AE        80       1  BANK0   
                smallconst                     000600  000008  000608       300       0  SMALLCON
                intcode_body                   000608  00087A  000E82       304       0  CODE    


UNUSED ADDRESS RANGES

        Name                Unused          Largest block    Delta
        BANK0            0000AE-0000FF               52
        BANK1            000100-0001FF              100
        BANK2            000200-0002FF              100
        BANK3            000300-0003FF              100
        BANK4            000400-0004FF              100
        BANK5            000500-0005F3               F4
        BIGRAM           000067-00007F               19
                         0000AE-0005F3              546
        BIGSFR           000F80-000F9B               1C
                         000F9D-000FD3               37
                         000FD5-000FDA                6
                         000FE0-000FE2                3
                         000FE8-000FEA                3
                         000FF0-000FFC                D
        CODE             000004-000007                4
                         00000E-000017                A
                         000070-0005FF              590
                         000E82-007DBF             6F3E
        COMRAM           000067-00007F               19
        CONST            000004-000007                4
                         00000E-000017                A
                         000070-0005FF              590
                         000E82-007DBF             6F3E
        EEDATA           F00000-F000FF              100
        MEDIUMCONST      000E82-007DBF             6F3E
        RAM              0000AE-0005F3              100
        SFR              000F80-000F9B               1C
                         000F9D-000FD3               37
                         000FD5-000FDA                6
                         000FE0-000FE2                3
                         000FE8-000FEA                3
                         000FF0-000FFC                D
        SMALLCONST       000E82-007DBF              100

                                  Symbol Table

?___awdiv                      cstackCOMRAM 000001
?___awmod                      cstackCOMRAM 000001
?_abs                          cstackCOMRAM 000007
?_sprintf                      cstackCOMRAM 00001A
?_vfprintf                     cstackCOMRAM 000016
Hi_ISR@digits                  cstackCOMRAM 000047
Hi_ISR@i                       cstackCOMRAM 000045
Hi_ISR@i_932                   cstackCOMRAM 00003F
Hi_ISR@i_933                   cstackCOMRAM 000041
Hi_ISR@i_934                   cstackCOMRAM 000043
Hi_ISR@old_val                 cstackCOMRAM 00003D
Hi_ISR@str_buf                 cstackCOMRAM 000033
MyusartRead@data               cstackBANK0  0000A1
UART_Write@data                cstackBANK0  0000A7
UART_Write_Text@i              cstackBANK0  0000AC
UART_Write_Text@text           cstackBANK0  0000A8
_ADCON0bits                    (abs)        000FC2
_ADCON1                        (abs)        000FC1
_ADCON2bits                    (abs)        000FC0
_ADC_Initialize                text8        000E52
_ADFM                          (abs)        007E07
_ADRESH                        (abs)        000FC4
_ADRESL                        (abs)        000FC3
_BAUDCONbits                   (abs)        000FB8
_CCP1CON                       (abs)        000FBD
_CCP1_Initialize               text7        000E64
_CREN                          (abs)        007D5C
_Hi_ISR                        intcode      000008
_INTCON2bits                   (abs)        000FF1
_INTCONbits                    (abs)        000FF2
_INTERRUPT_Initialize          text6        000E78
_IPR1bits                      (abs)        000F9F
_IRCF0                         (abs)        007E9C
_IRCF1                         (abs)        007E9D
_IRCF2                         (abs)        007E9E
_LATD                          (abs)        000F8C
_Lo_ISR                        intcodelo    000018
_MyusartRead                   text10       000C96
_OSCILLATOR_Initialize         text5        000E70
_PIE1bits                      (abs)        000F9D
_PIR1bits                      (abs)        000F9E
_PORTBbits                     (abs)        000F81
_RCIF                          (abs)        007CF5
_RCONbits                      (abs)        000FD0
_RCREG                         (abs)        000FAE
_RCSTAbits                     (abs)        000FAB
_SPBRG                         (abs)        000FAF
_SYSTEM_Initialize             text3        000E26
_TRISA                         (abs)        000F92
_TRISBbits                     (abs)        000F93
_TRISCbits                     (abs)        000F94
_TRISD                         (abs)        000F95
_TXREG                         (abs)        000FAD
_TXSTAbits                     (abs)        000FAC
_UART_Initialize               text4        000DD4
_UART_Write                    text2        000DF6
_UART_Write_Text               text1        000B94
__HRAM                         (abs)        000000
__H__absolute__                __absolute__ 000000
__Habs1                        abs1         000000
__Hbank0                       bank0        000000
__Hbank1                       bank1        000000
__Hbank2                       bank2        000000
__Hbank3                       bank3        000000
__Hbank4                       bank4        000000
__Hbank5                       bank5        000000
__Hbigbss                      bigbss       000000
__Hbigdata                     bigdata      000000
__Hbigram                      bigram       000000
__Hbigsfr                      bigsfr       000000
__Hbss                         bss          000000
__HbssBANK0                    bssBANK0     000000
__HbssCOMRAM                   bssCOMRAM    000000
__Hcinit                       cinit        000000
__Hclrtext                     clrtext      000000
__Hcomram                      comram       000000
__Hconfig                      config       30000E
__Hconst                       const        000000
__HcstackBANK0                 cstackBANK0  000000
__HcstackCOMRAM                cstackCOMRAM 000000
__Hdata                        data         000000
__Heeprom_data                 eeprom_data  000000
__Hfarbss                      farbss       000000
__Hfardata                     fardata      000000
__Hheap                        heap         000000
__Hibigdata                    ibigdata     000000
__Hidata                       idata        000000
__Hidloc                       idloc        200008
__Hifardata                    ifardata     000000
__Hinit                        init         000070
__Hintcode                     intcode      00000E
__Hintcode_body                intcode_body 000000
__Hintcodelo                   intcodelo    00006C
__Hintentry                    intentry     000000
__Hintret                      intret       000000
__Hintsave_regs                intsave_regs 000000
__Hirdata                      irdata       000000
__Hmediumconst                 mediumconst  000000
__HnvFARRAM                    nvFARRAM     000000
__Hnvbit                       nvbit        000000
__Hnvrram                      nvrram       000000
__Hparam                       rparam       000000
__Hpowerup                     powerup      000000
__Hram                         ram          000000
__Hramtop                      ramtop       000600
__Hrbit                        rbit         000000
__Hrbss                        rbss         000000
__Hrdata                       rdata        000000
__Hreset_vec                   reset_vec    000004
__Hrparam                      rparam       000000
__Hsfr                         sfr          000000
__Hsivt_hi                     sivt_hi      000000
__Hsivt_lo                     sivt_lo      00006C
__Hsmallconst                  smallconst   000608
__Hspace_0                     (abs)        000E82
__Hspace_1                     (abs)        0000AE
__Hspace_2                     (abs)        000000
__Hspace_4                     (abs)        60000E
__Hstack                       stack        000000
__Hstruct                      struct       000000
__Htemp                        temp         000067
__Htext                        text         000000
__Htext0                       text0        000000
__Htext1                       text1        000000
__Htext10                      text10       000000
__Htext11                      text11       000000
__Htext13                      text13       000000
__Htext14                      text14       000000
__Htext15                      text15       000000
__Htext16                      text16       000000
__Htext17                      text17       000000
__Htext18                      text18       000000
__Htext19                      text19       000000
__Htext2                       text2        000000
__Htext20                      text20       000000
__Htext21                      text21       000000
__Htext22                      text22       000000
__Htext3                       text3        000000
__Htext4                       text4        000000
__Htext5                       text5        000000
__Htext6                       text6        000000
__Htext7                       text7        000000
__Htext8                       text8        000000
__LRAM                         (abs)        000001
__L__absolute__                __absolute__ 000000
__Labs1                        abs1         000000
__Lbank0                       bank0        000000
__Lbank1                       bank1        000000
__Lbank2                       bank2        000000
__Lbank3                       bank3        000000
__Lbank4                       bank4        000000
__Lbank5                       bank5        000000
__Lbigbss                      bigbss       000000
__Lbigdata                     bigdata      000000
__Lbigram                      bigram       000000
__Lbigsfr                      bigsfr       000000
__Lbss                         bss          000000
__LbssBANK0                    bssBANK0     000000
__LbssCOMRAM                   bssCOMRAM    000000
__Lcinit                       cinit        000000
__Lclrtext                     clrtext      000000
__Lcomram                      comram       000000
__Lconfig                      config       000000
__Lconst                       const        000000
__LcstackBANK0                 cstackBANK0  000000
__LcstackCOMRAM                cstackCOMRAM 000000
__Ldata                        data         000000
__Leeprom_data                 eeprom_data  000000
__Lfarbss                      farbss       000000
__Lfardata                     fardata      000000
__Lheap                        heap         000000
__Libigdata                    ibigdata     000000
__Lidata                       idata        000000
__Lidloc                       idloc        000000
__Lifardata                    ifardata     000000
__Linit                        init         00006C
__Lintcode                     intcode      000008
__Lintcode_body                intcode_body 000000
__Lintcodelo                   intcodelo    000018
__Lintentry                    intentry     000000
__Lintret                      intret       000000
__Lintsave_regs                intsave_regs 000000
__Lirdata                      irdata       000000
__Lmediumconst                 mediumconst  000000
__LnvFARRAM                    nvFARRAM     000000
__Lnvbit                       nvbit        000000
__Lnvrram                      nvrram       000000
__Lparam                       rparam       000000
__Lpowerup                     powerup      000000
__Lram                         ram          000000
__Lramtop                      ramtop       000600
__Lrbit                        rbit         000000
__Lrbss                        rbss         000000
__Lrdata                       rdata        000000
__Lreset_vec                   reset_vec    000000
__Lrparam                      rparam       000000
__Lsfr                         sfr          000000
__Lsivt_hi                     sivt_hi      000000
__Lsivt_lo                     sivt_lo      00006C
__Lsmallconst                  smallconst   000600
__Lspace_0                     (abs)        000000
__Lspace_1                     (abs)        000000
__Lspace_2                     (abs)        000000
__Lspace_4                     (abs)        000000
__Lstack                       stack        000000
__Lstruct                      struct       000000
__Ltemp                        temp         000066
__Ltext                        text         000000
__Ltext0                       text0        000000
__Ltext1                       text1        000000
__Ltext10                      text10       000000
__Ltext11                      text11       000000
__Ltext13                      text13       000000
__Ltext14                      text14       000000
__Ltext15                      text15       000000
__Ltext16                      text16       000000
__Ltext17                      text17       000000
__Ltext18                      text18       000000
__Ltext19                      text19       000000
__Ltext2                       text2        000000
__Ltext20                      text20       000000
__Ltext21                      text21       000000
__Ltext22                      text22       000000
__Ltext3                       text3        000000
__Ltext4                       text4        000000
__Ltext5                       text5        000000
__Ltext6                       text6        000000
__Ltext7                       text7        000000
__Ltext8                       text8        000000
__S0                           (abs)        000E82
__S1                           (abs)        0000AE
__S4                           (abs)        000000
__S5                           (abs)        000000
___awdiv                       text22       00097A
___awdiv@counter               cstackCOMRAM 000005
___awdiv@dividend              cstackCOMRAM 000001
___awdiv@divisor               cstackCOMRAM 000003
___awdiv@quotient              cstackCOMRAM 000007
___awdiv@sign                  cstackCOMRAM 000006
___awmod                       text21       000A3C
___awmod@counter               cstackCOMRAM 000005
___awmod@dividend              cstackCOMRAM 000001
___awmod@divisor               cstackCOMRAM 000003
___awmod@sign                  cstackCOMRAM 000006
___heap_hi                     (abs)        000000
___heap_lo                     (abs)        000000
___inthi_sp                    stack        000000
___inthi_stack_hi              stack        000000
___inthi_stack_lo              stack        000000
___intlo_sp                    stack        000000
___intlo_stack_hi              stack        000000
___intlo_stack_lo              stack        000000
___param_bank                  (abs)        000000
___rparam_used                 (abs)        000001
___sp                          stack        000000
___stack_hi                    stack        000000
___stack_lo                    stack        000000
__accesstop                    (abs)        000080
__activetblptr                 (abs)        000002
__end_of_ADC_Initialize        text8        000E64
__end_of_CCP1_Initialize       text7        000E70
__end_of_Hi_ISR                intcode_body 0007C2
__end_of_INTERRUPT_Initialize  text6        000E80
__end_of_Lo_ISR                intcodelo    00006C
__end_of_MyusartRead           text10       000CDA
__end_of_OSCILLATOR_Initialize text5        000E78
__end_of_SYSTEM_Initialize     text3        000E3C
__end_of_UART_Initialize       text4        000DF6
__end_of_UART_Write            text2        000E0E
__end_of_UART_Write_Text       text1        000C18
__end_of___awdiv               text22       000A3C
__end_of___awmod               text21       000AEA
__end_of__initialization       cinit        000DC6
__end_of_abs                   text20       000D80
__end_of_fputc                 text18       000B94
__end_of_main                  text0        000DAE
__end_of_putch                 text19       000E82
__end_of_sprintf               text15       000D4C
__end_of_vfpfcnvrt             text17       00097A
__end_of_vfprintf              text16       000D18
__end_ofi1_UART_Write          text11       000E26
__end_ofi2_UART_Write          text14       000E52
__end_ofi2_UART_Write_Text     text13       000C96
__initialization               cinit        000DAE
__mediumconst                  smallconst   000600
__pbssBANK0                    bssBANK0     000080
__pbssCOMRAM                   bssCOMRAM    000049
__pcinit                       cinit        000DAE
__pcstackBANK0                 cstackBANK0  0000A0
__pcstackCOMRAM                cstackCOMRAM 000001
__pintcode                     intcode      000008
__pintcode_body                intcode_body 000608
__pintcodelo                   intcodelo    000018
__psmallconst                  smallconst   000600
__ptext0                       text0        000D80
__ptext1                       text1        000B94
__ptext10                      text10       000C96
__ptext11                      text11       000E0E
__ptext13                      text13       000C18
__ptext14                      text14       000E3C
__ptext15                      text15       000D18
__ptext16                      text16       000CDA
__ptext17                      text17       0007C2
__ptext18                      text18       000AEA
__ptext19                      text19       000E80
__ptext2                       text2        000DF6
__ptext20                      text20       000D4C
__ptext21                      text21       000A3C
__ptext22                      text22       00097A
__ptext3                       text3        000E26
__ptext4                       text4        000DD4
__ptext5                       text5        000E70
__ptext6                       text6        000E78
__ptext7                       text7        000E64
__ptext8                       text8        000E52
__ramtop                       ramtop       000600
__smallconst                   smallconst   000600
_abs                           text20       000D4C
_counter                       bssCOMRAM    00004D
_dbuf                          bssBANK0     000080
_flags                         bssCOMRAM    000051
_fputc                         text18       000AEA
_lenStr                        bssCOMRAM    00004F
_main                          text0        000D80
_mystring                      bssCOMRAM    000052
_prec                          bssCOMRAM    00004B
_putch                         text19       000E80
_sprintf                       text15       000D18
_vfpfcnvrt                     text17       0007C2
_vfprintf                      text16       000CDA
_width                         bssCOMRAM    000049
abs@a                          cstackCOMRAM 000007
btemp                          temp         000066
end_of_initialization          cinit        000DC6
fputc@c                        cstackCOMRAM 000001
fputc@fp                       cstackCOMRAM 000003
i1UART_Write@data              cstackBANK0  0000A0
i1_UART_Write                  text11       000E0E
i2UART_Write@data              cstackCOMRAM 000001
i2UART_Write_Text@i            cstackCOMRAM 000006
i2UART_Write_Text@text         cstackCOMRAM 000002
i2_UART_Write                  text14       000E3C
i2_UART_Write_Text             text13       000C18
int$flags                      temp         000066
int_func                       intcode_body 000608
intlevel0                      text         000000
intlevel1                      text         000000
intlevel2                      text         000000
intlevel3                      text         000000
isa$std                        (abs)        000001
isa$xinst                      (abs)        000000
sprintf@ap                     cstackCOMRAM 00001E
sprintf@f                      cstackCOMRAM 00001F
sprintf@fmt                    cstackCOMRAM 00001B
sprintf@s                      cstackCOMRAM 00001A
stackhi                        (abs)        000000
stacklo                        (abs)        000000
start                          init         00006C
start_initialization           cinit        000DAE
ttemp5                         temp         000067
ttemp6                         temp         00006A
ttemp7                         temp         00006E
vfpfcnvrt@ap                   cstackCOMRAM 00000D
vfpfcnvrt@c                    cstackCOMRAM 000015
vfpfcnvrt@convarg              cstackCOMRAM 000011
vfpfcnvrt@cp                   cstackCOMRAM 000010
vfpfcnvrt@done                 cstackCOMRAM 00000F
vfpfcnvrt@fmt                  cstackCOMRAM 00000C
vfpfcnvrt@fp                   cstackCOMRAM 00000B
vfprintf@ap                    cstackCOMRAM 000018
vfprintf@cfmt                  cstackCOMRAM 000019
vfprintf@fmt                   cstackCOMRAM 000017
vfprintf@fp                    cstackCOMRAM 000016
wtemp8                         temp         000067


MODULE INFORMATION

Module		Function		Class		Link	Load	Size
C:\Program Files\Microchip\xc8\v3.00\pic\sources\c99\common\abs.c
		_abs           		CODE           	0D4C	0000	52

C:\Program Files\Microchip\xc8\v3.00\pic\sources\c99\common\abs.c estimated size: 52

setting_hardaware/interrupt_manager.c
		_INTERRUPT_Initialize		CODE           	0E78	0000	8

setting_hardaware/interrupt_manager.c estimated size: 8

C:\Program Files\Microchip\xc8\v3.00\pic\sources\c99\common\nf_fputc.c
		_fputc         		CODE           	0AEA	0000	170

C:\Program Files\Microchip\xc8\v3.00\pic\sources\c99\common\nf_fputc.c estimated size: 170

setting_hardaware/uart.c
		_Lo_ISR        		CODE           	0018	0000	84
		_MyusartRead   		CODE           	0C96	0000	68
		_UART_Write_Text		CODE           	0B94	0000	132
		_UART_Initialize		CODE           	0DD4	0000	34
		_UART_Write    		CODE           	0DF6	0000	24

setting_hardaware/uart.c estimated size: 342

C:\Program Files\Microchip\xc8\v3.00\pic\sources\c99\common\nf_sprintf.c
		_sprintf       		CODE           	0D18	0000	52

C:\Program Files\Microchip\xc8\v3.00\pic\sources\c99\common\nf_sprintf.c estimated size: 52

setting_hardaware/ccp1.c
		_CCP1_Initialize		CODE           	0E64	0000	12

setting_hardaware/ccp1.c estimated size: 12

setting_hardaware/adc.c
		_ADC_Initialize		CODE           	0E52	0000	18

setting_hardaware/adc.c estimated size: 18

C:\Program Files\Microchip\xc8\v3.00\pic\sources\c99\common\awmod.c
		___awmod       		CODE           	0A3C	0000	174

C:\Program Files\Microchip\xc8\v3.00\pic\sources\c99\common\awmod.c estimated size: 174

C:\Program Files\Microchip\xc8\v3.00\pic\sources\c99\common\putch.c
		_putch         		CODE           	0E80	0000	2

C:\Program Files\Microchip\xc8\v3.00\pic\sources\c99\common\putch.c estimated size: 2

shared
		i1_UART_Write  		CODE           	0E0E	0000	24
		i2_UART_Write  		CODE           	0E3C	0000	22
		__initialization		CODE           	0DAE	0000	24
		i2_UART_Write_Text		CODE           	0C18	0000	126

shared estimated size: 196

setting_hardaware/setting.c
		_OSCILLATOR_Initialize		CODE           	0E70	0000	8
		_SYSTEM_Initialize		CODE           	0E26	0000	22

setting_hardaware/setting.c estimated size: 30

basic.c
		_main          		CODE           	0D80	0000	46
		_Hi_ISR        		CODE           	0008	0000	448

basic.c estimated size: 494

C:\Program Files\Microchip\xc8\v3.00\pic\sources\c99\common\awdiv.c
		___awdiv       		CODE           	097A	0000	194

C:\Program Files\Microchip\xc8\v3.00\pic\sources\c99\common\awdiv.c estimated size: 194

C:\Program Files\Microchip\xc8\v3.00\pic\sources\c99\common\doprnt.c
		_vfpfcnvrt     		CODE           	07C2	0000	440
		_vfprintf      		CODE           	0CDA	0000	62

C:\Program Files\Microchip\xc8\v3.00\pic\sources\c99\common\doprnt.c estimated size: 502

